C51 COMPILER V9.60.0.0   LED_TASK                                                          01/10/2021 10:06:45 PAGE 1   


C51 COMPILER V9.60.0.0, COMPILATION OF MODULE LED_TASK
OBJECT MODULE PLACED IN .\Objects\led_task.obj
COMPILER INVOKED BY: C:\Keil_v5\C51\BIN\C51.EXE led_task.c OPTIMIZE(8,SPEED) BROWSE DEBUG OBJECTEXTEND PRINT(.\Listings\
                    -led_task.lst) TABS(2) OBJECT(.\Objects\led_task.obj)

line level    source

   1          #ifndef _LED_c
   2          #define _LED_c
   3          
   4          #endif
   5          
   6          #include <STC8.H>
   7          #include <intrins.h>
   8          #include "UART1.h"
   9          #include "led_task.h"
  10          #include "Char.h"
  11          
  12          #define Fosc 11059200
  13          
  14          sbit DO = P1^6;//数据输出口口
  15          
  16            ColorState_e  color=COLOR_RED;
  17          
  18          unsigned char state = 0;
  19          unsigned char color_buf[3];
  20          unsigned char jiantou[6] = 
  21          {0x99,0x3C,0x7E,0xFF,0xE7,0xC3};
  22          
  23          
  24          void delay1us()
  25          {
  26   1          unsigned char a;
  27   1          for(a=3;a>0;a--);
  28   1      }
  29          
  30          /**目前测试STC15系列9～30MHz整得成**/
  31          /**适当调整_NOP_(),最低8MHz也整得成***/
  32          /*调整Re、Gr、Bl的比例可搭配出各种颜色*/
  33          /********0～255,共256级亮度 *********/
  34          /*****调整数字大小可调整色调及亮度*****/
  35          //括号内分别代表（红、绿、蓝）数据
  36          void WS2812WR(unsigned char Re,unsigned char Gr,unsigned char Bl)
  37          {
  38   1        unsigned char Color=3,dat,i=8;
  39   1        DO=0;
  40   1        //依次输出24bit GRB数据
  41   1        while(Color--)
  42   1        {
  43   2          if(Color==2)dat=Gr;
  44   2          if(Color==1)dat=Re;
  45   2          if(Color==0)dat=Bl;
  46   2          while(i--)
  47   2          {
  48   3            if(dat & 0X80)//写1
  49   3            {
  50   4              DO=1;delay1us();
  51   4              DO=0;_nop_();
  52   4            }
  53   3            else          //写0
  54   3            {
C51 COMPILER V9.60.0.0   LED_TASK                                                          01/10/2021 10:06:45 PAGE 2   

  55   4              DO=1;_nop_();
  56   4              DO=0;delay1us();
  57   4            }
  58   3            dat <<= 1;
  59   3          }
  60   2          
  61   2              i=8;
  62   2        }
  63   1      }
  64          
  65          void Display_all(unsigned char color){
  66   1        unsigned char i;
  67   1        
  68   1        switch(color){
  69   2          case COLOR_OFF:
  70   2            for(i = 0; i < COLOR_NUM; i++){
  71   3              WS2812WR(0, 0, 0);
  72   3            }
  73   2            break;
  74   2            
  75   2          case COLOR_RED:
  76   2            for(i = 0; i < COLOR_NUM; i++){
  77   3              WS2812WR(200, 0, 0);
  78   3            }
  79   2            break;
  80   2            
  81   2          case COLOR_BLUE:
  82   2            for(i = 0; i < COLOR_NUM; i++){
  83   3              WS2812WR(0, 0, 200);
  84   3            }
  85   2            break;
  86   2            
  87   2          case COLOR_GREEN:
  88   2            for(i = 0; i < COLOR_NUM; i++){
  89   3              WS2812WR(0, 200, 0);
  90   3            }
  91   2            break;
  92   2            
  93   2          case COLOR_YELLOW:
  94   2            for(i = 0; i < COLOR_NUM; i++){
  95   3              WS2812WR(100, 100, 0);
  96   3            }
  97   2            break;
  98   2            
  99   2          default:
 100   2            break;
 101   2        }
 102   1      }
 103          
 104          void Display_one_led(unsigned char color){
 105   1        
 106   1        switch(color){
 107   2          case COLOR_OFF:
 108   2              WS2812WR(0, 0, 0);
 109   2            break;
 110   2            
 111   2          case COLOR_RED:
 112   2              WS2812WR(200, 0, 0);
 113   2            break;
 114   2            
 115   2          case COLOR_BLUE:
 116   2              WS2812WR(0, 0, 200);
C51 COMPILER V9.60.0.0   LED_TASK                                                          01/10/2021 10:06:45 PAGE 3   

 117   2            break;
 118   2            
 119   2          case COLOR_GREEN:
 120   2              WS2812WR(0, 200, 0);
 121   2            break;
 122   2            
 123   2          case COLOR_YELLOW:
 124   2              WS2812WR(100, 100, 0);
 125   2            break;
 126   2            
 127   2          default:
 128   2            break;
 129   2        }
 130   1      }
 131          
 132          void Display_char(unsigned char character){
 133   1        unsigned char i;
 134   1        for(i = 0; i < 8; i++){
 135   2          unsigned char display_buf = character_table[character][i];
 136   2          unsigned char j;
 137   2          for(j = 0; j < 8; j++){
 138   3            if((display_buf >> j) & 0x01) Display_one_led(color);
 139   3            else Display_one_led(COLOR_OFF);
 140   3          }
 141   2        }
 142   1      }
 143          
 144          void Display_jiantou(){
 145   1        static char add=0;
 146   1        unsigned char i;
 147   1        add++;
 148   1        add=add%6;
 149   1        for(i = 0; i < 48; i++){
 150   2          unsigned char display_buf = jiantou[(i+add)%6];
 151   2          unsigned char j;
 152   2          for(j = 0; j < 8; j++){
 153   3            if((display_buf >> j) & 0x01) Display_one_led(color);
 154   3            else Display_one_led(COLOR_OFF);
 155   3          }
 156   2        }
 157   1      }
 158          
 159          
 160          void Display_edge(){
 161   1        unsigned char i;
 162   1        for(i = 0; i < 24; i++){
 163   2          Display_one_led(color);
 164   2        }
 165   1      }


MODULE INFORMATION:   STATIC OVERLAYABLE
   CODE SIZE        =    499    ----
   CONSTANT SIZE    =    136    ----
   XDATA SIZE       =   ----    ----
   PDATA SIZE       =   ----    ----
   DATA SIZE        =     12       6
   IDATA SIZE       =   ----    ----
   BIT SIZE         =   ----    ----
END OF MODULE INFORMATION.


C51 COMPILATION COMPLETE.  0 WARNING(S),  0 ERROR(S)
